$ tsx watch src/server.ts
C:\Users\dosta\Downloads\Local Live Tutor\packages\shared\src\schemas.ts:63
  persona: tutorPersonaSchema.optional(),
           ^

ReferenceError: Cannot access 'tutorPersonaSchema' before initialization
    at <anonymous> (C:\Users\dosta\Downloads\Local Live Tutor\packages\shared\src\schemas.ts:63:12)
    at ModuleJob.run (node:internal/modules/esm/module_job:439:25)
    at async node:internal/modules/esm/loader:633:26
    at async asyncRunEntryPointWithESMLoader (node:internal/modules/run_main:101:5)

Node.js v24.16.0
C:\Users\dosta\Downloads\Local Live Tutor\packages\shared\src\schemas.ts:63
  persona: tutorPersonaSchema.optional(),
           ^

ReferenceError: Cannot access 'tutorPersonaSchema' before initialization
    at <anonymous> (C:\Users\dosta\Downloads\Local Live Tutor\packages\shared\src\schemas.ts:63:12)
    at ModuleJob.run (node:internal/modules/esm/module_job:439:25)
    at async node:internal/modules/esm/loader:633:26
    at async asyncRunEntryPointWithESMLoader (node:internal/modules/run_main:101:5)

Node.js v24.16.0
C:\Users\dosta\Downloads\Local Live Tutor\packages\shared\src\schemas.ts:63
  persona: tutorPersonaSchema.optional(),
           ^

ReferenceError: Cannot access 'tutorPersonaSchema' before initialization
    at <anonymous> (C:\Users\dosta\Downloads\Local Live Tutor\packages\shared\src\schemas.ts:63:12)
    at ModuleJob.run (node:internal/modules/esm/module_job:439:25)
    at async node:internal/modules/esm/loader:633:26
    at async asyncRunEntryPointWithESMLoader (node:internal/modules/run_main:101:5)

Node.js v24.16.0
C:\Users\dosta\Downloads\Local Live Tutor\packages\shared\src\schemas.ts:63
  persona: tutorPersonaSchema.optional(),
           ^

ReferenceError: Cannot access 'tutorPersonaSchema' before initialization
    at <anonymous> (C:\Users\dosta\Downloads\Local Live Tutor\packages\shared\src\schemas.ts:63:12)
    at ModuleJob.run (node:internal/modules/esm/module_job:439:25)
    at async node:internal/modules/esm/loader:633:26
    at async asyncRunEntryPointWithESMLoader (node:internal/modules/run_main:101:5)

Node.js v24.16.0
C:\Users\dosta\Downloads\Local Live Tutor\packages\shared\src\schemas.ts:63
  persona: tutorPersonaSchema.optional(),
           ^

ReferenceError: Cannot access 'tutorPersonaSchema' before initialization
    at <anonymous> (C:\Users\dosta\Downloads\Local Live Tutor\packages\shared\src\schemas.ts:63:12)
    at ModuleJob.run (node:internal/modules/esm/module_job:439:25)
    at async node:internal/modules/esm/loader:633:26
    at async asyncRunEntryPointWithESMLoader (node:internal/modules/run_main:101:5)

Node.js v24.16.0
C:\Users\dosta\Downloads\Local Live Tutor\packages\shared\src\schemas.ts:63
  persona: tutorPersonaSchema.optional(),
           ^

ReferenceError: Cannot access 'tutorPersonaSchema' before initialization
    at <anonymous> (C:\Users\dosta\Downloads\Local Live Tutor\packages\shared\src\schemas.ts:63:12)
    at ModuleJob.run (node:internal/modules/esm/module_job:439:25)
    at async node:internal/modules/esm/loader:633:26
    at async asyncRunEntryPointWithESMLoader (node:internal/modules/run_main:101:5)

Node.js v24.16.0
C:\Users\dosta\Downloads\Local Live Tutor\packages\shared\src\schemas.ts:63
  persona: tutorPersonaSchema.optional(),
           ^

ReferenceError: Cannot access 'tutorPersonaSchema' before initialization
    at <anonymous> (C:\Users\dosta\Downloads\Local Live Tutor\packages\shared\src\schemas.ts:63:12)
    at ModuleJob.run (node:internal/modules/esm/module_job:439:25)
    at async node:internal/modules/esm/loader:633:26
    at async asyncRunEntryPointWithESMLoader (node:internal/modules/run_main:101:5)

Node.js v24.16.0
C:\Users\dosta\Downloads\Local Live Tutor\packages\shared\src\schemas.ts:63
  persona: tutorPersonaSchema.optional(),
           ^

ReferenceError: Cannot access 'tutorPersonaSchema' before initialization
    at <anonymous> (C:\Users\dosta\Downloads\Local Live Tutor\packages\shared\src\schemas.ts:63:12)
    at ModuleJob.run (node:internal/modules/esm/module_job:439:25)
    at async node:internal/modules/esm/loader:633:26
    at async asyncRunEntryPointWithESMLoader (node:internal/modules/run_main:101:5)

Node.js v24.16.0
file:///C:/Users/dosta/Downloads/Local%20Live%20Tutor/packages/shared/dist/schemas.js:327
export const tutorVoiceSchema = z.enum(["female", "male", "auto"]);
             ^

SyntaxError: Identifier 'tutorVoiceSchema' has already been declared
    at compileSourceTextModule (node:internal/modules/esm/utils:318:16)
    at ModuleLoader.moduleStrategy (node:internal/modules/esm/translators:90:18)
    at #translate (node:internal/modules/esm/loader:435:20)
    at afterLoad (node:internal/modules/esm/loader:491:29)
    at ModuleLoader.loadAndTranslate (node:internal/modules/esm/loader:496:12)
    at #getOrCreateModuleJobAfterResolve (node:internal/modules/esm/loader:549:36)
    at afterResolve (node:internal/modules/esm/loader:597:52)
    at ModuleLoader.getOrCreateModuleJob (node:internal/modules/esm/loader:603:12)
    at ModuleJob.syncLink (node:internal/modules/esm/module_job:163:33)
    at ModuleJob.link (node:internal/modules/esm/module_job:253:17)

Node.js v24.16.0
file:///C:/Users/dosta/Downloads/Local%20Live%20Tutor/packages/shared/dist/schemas.js:327
export const tutorVoiceSchema = z.enum(["female", "male", "auto"]);
             ^

SyntaxError: Identifier 'tutorVoiceSchema' has already been declared
    at compileSourceTextModule (node:internal/modules/esm/utils:318:16)
    at ModuleLoader.moduleStrategy (node:internal/modules/esm/translators:90:18)
    at #translate (node:internal/modules/esm/loader:435:20)
    at afterLoad (node:internal/modules/esm/loader:491:29)
    at ModuleLoader.loadAndTranslate (node:internal/modules/esm/loader:496:12)
    at #getOrCreateModuleJobAfterResolve (node:internal/modules/esm/loader:549:36)
    at afterResolve (node:internal/modules/esm/loader:597:52)
    at ModuleLoader.getOrCreateModuleJob (node:internal/modules/esm/loader:603:12)
    at ModuleJob.syncLink (node:internal/modules/esm/module_job:163:33)
    at ModuleJob.link (node:internal/modules/esm/module_job:253:17)

Node.js v24.16.0
node:internal/modules/esm/resolve:271
    throw new ERR_MODULE_NOT_FOUND(
          ^

Error [ERR_MODULE_NOT_FOUND]: Cannot find module 'C:\Users\dosta\Downloads\Local Live Tutor\apps\backend\src\services\documents\linkImport.js' imported from C:\Users\dosta\Downloads\Local Live Tutor\apps\backend\src\routes\study.ts
    at finalizeResolution (node:internal/modules/esm/resolve:271:11)
    at moduleResolve (node:internal/modules/esm/resolve:865:10)
    at defaultResolve (node:internal/modules/esm/resolve:992:11)
    at #cachedDefaultResolve (node:internal/modules/esm/loader:691:20)
    at #resolveAndMaybeBlockOnLoaderThread (node:internal/modules/esm/loader:708:38)
    at nextStep (node:internal/modules/customization_hooks:189:26)
    at resolveBaseSync (file:///C:/Users/dosta/Downloads/Local%20Live%20Tutor/node_modules/.pnpm/tsx@4.23.13/node_modules/tsx/dist/register-SoqaU4rg.mjs:2:10932)
    at resolveDirectorySync (file:///C:/Users/dosta/Downloads/Local%20Live%20Tutor/node_modules/.pnpm/tsx@4.23.13/node_modules/tsx/dist/register-SoqaU4rg.mjs:2:12238)
    at resolveTsPathsSync (file:///C:/Users/dosta/Downloads/Local%20Live%20Tutor/node_modules/.pnpm/tsx@4.23.13/node_modules/tsx/dist/register-SoqaU4rg.mjs:2:13445)
    at resolve (file:///C:/Users/dosta/Downloads/Local%20Live%20Tutor/node_modules/.pnpm/tsx@4.23.13/node_modules/tsx/dist/register-SoqaU4rg.mjs:2:15991) {
  code: 'ERR_MODULE_NOT_FOUND',
  url: 'file:///C:/Users/dosta/Downloads/Local%20Live%20Tutor/apps/backend/src/services/documents/linkImport.js'
}

Node.js v24.16.0
node:internal/modules/esm/resolve:271
    throw new ERR_MODULE_NOT_FOUND(
          ^

Error [ERR_MODULE_NOT_FOUND]: Cannot find module 'C:\Users\dosta\Downloads\Local Live Tutor\apps\backend\src\services\documents\linkImport.js' imported from C:\Users\dosta\Downloads\Local Live Tutor\apps\backend\src\routes\study.ts
    at finalizeResolution (node:internal/modules/esm/resolve:271:11)
    at moduleResolve (node:internal/modules/esm/resolve:865:10)
    at defaultResolve (node:internal/modules/esm/resolve:992:11)
    at #cachedDefaultResolve (node:internal/modules/esm/loader:691:20)
    at #resolveAndMaybeBlockOnLoaderThread (node:internal/modules/esm/loader:708:38)
    at nextStep (node:internal/modules/customization_hooks:189:26)
    at resolveBaseSync (file:///C:/Users/dosta/Downloads/Local%20Live%20Tutor/node_modules/.pnpm/tsx@4.23.13/node_modules/tsx/dist/register-SoqaU4rg.mjs:2:10932)
    at resolveDirectorySync (file:///C:/Users/dosta/Downloads/Local%20Live%20Tutor/node_modules/.pnpm/tsx@4.23.13/node_modules/tsx/dist/register-SoqaU4rg.mjs:2:12238)
    at resolveTsPathsSync (file:///C:/Users/dosta/Downloads/Local%20Live%20Tutor/node_modules/.pnpm/tsx@4.23.13/node_modules/tsx/dist/register-SoqaU4rg.mjs:2:13445)
    at resolve (file:///C:/Users/dosta/Downloads/Local%20Live%20Tutor/node_modules/.pnpm/tsx@4.23.13/node_modules/tsx/dist/register-SoqaU4rg.mjs:2:15991) {
  code: 'ERR_MODULE_NOT_FOUND',
  url: 'file:///C:/Users/dosta/Downloads/Local%20Live%20Tutor/apps/backend/src/services/documents/linkImport.js'
}

Node.js v24.16.0
