
> @local-live-tutor/frontend@0.1.0 dev
> vite


  [32m[1mVITE[22m v5.4.21[39m  [2mready in [0m[1m327[22m[2m[0m ms[22m

  [32m➜[39m  [1mLocal[22m:   [36mhttp://localhost:[1m5173[22m/[39m
[2m  [32m➜[39m  [1mNetwork[22m[2m: use [22m[1m--host[22m[2m to expose[22m
[2m8:24:45 pm[22m [36m[1m[vite][22m[39m [32mhmr update [39m[2m/src/features/settings/SettingsPage.tsx, /src/index.css, /src/features/history/HistoryPage.tsx, /src/features/session/WorkspacePage.tsx, /src/features/session/LessonControls.tsx[22m
[2m8:24:45 pm[22m [36m[1m[vite][22m[39m [32mhmr update [39m[2m/src/features/settings/SettingsPage.tsx, /src/index.css, /src/features/history/HistoryPage.tsx, /src/features/session/WorkspacePage.tsx, /src/features/session/LessonControls.tsx[22m
[2m8:24:45 pm[22m [36m[1m[vite][22m[39m [32mhmr update [39m[2m/src/features/settings/SettingsPage.tsx, /src/index.css, /src/features/history/HistoryPage.tsx, /src/features/session/WorkspacePage.tsx, /src/features/session/LessonControls.tsx[22m
[2m8:24:45 pm[22m [36m[1m[vite][22m[39m [32mhmr update [39m[2m/src/features/settings/SettingsPage.tsx, /src/index.css, /src/features/history/HistoryPage.tsx, /src/features/session/WorkspacePage.tsx, /src/features/session/LessonControls.tsx[22m
[2m8:24:45 pm[22m [36m[1m[vite][22m[39m [32mhmr update [39m[2m/src/features/settings/SettingsPage.tsx, /src/index.css, /src/features/history/HistoryPage.tsx, /src/features/session/WorkspacePage.tsx, /src/features/session/LessonControls.tsx[22m
[2m8:24:45 pm[22m [36m[1m[vite][22m[39m [33mhmr invalidate [39m[2m/src/features/session/LessonControls.tsx[22m Could not Fast Refresh ("GRADE_LABELS" export is incompatible). Learn more at https://github.com/vitejs/vite-plugin-react/tree/main/packages/plugin-react#consistent-components-exports
[2m8:24:45 pm[22m [36m[1m[vite][22m[39m [32mhmr update [39m[2m/src/features/session/WelcomeBoardPage.tsx, /src/index.css, /src/features/session/WorkspacePage.tsx[22m
[2m8:27:51 pm[22m [36m[1m[vite][22m[39m [32mhmr update [39m[2m/src/features/settings/SettingsPage.tsx, /src/index.css, /src/features/history/HistoryPage.tsx, /src/features/session/WorkspacePage.tsx, /src/features/session/LessonControls.tsx[22m
[2m8:27:51 pm[22m [36m[1m[vite][22m[39m [32mhmr update [39m[2m/src/features/settings/SettingsPage.tsx, /src/index.css, /src/features/history/HistoryPage.tsx, /src/features/session/WorkspacePage.tsx, /src/features/session/LessonControls.tsx[22m
[2m8:27:51 pm[22m [36m[1m[vite][22m[39m [32mhmr update [39m[2m/src/features/settings/SettingsPage.tsx, /src/index.css, /src/features/history/HistoryPage.tsx, /src/features/session/WorkspacePage.tsx, /src/features/session/LessonControls.tsx[22m
[2m8:27:51 pm[22m [36m[1m[vite][22m[39m [32mhmr update [39m[2m/src/features/settings/SettingsPage.tsx, /src/index.css, /src/features/history/HistoryPage.tsx, /src/features/session/WorkspacePage.tsx, /src/features/session/LessonControls.tsx[22m
[2m8:27:51 pm[22m [36m[1m[vite][22m[39m [33mhmr invalidate [39m[2m/src/features/session/LessonControls.tsx[22m Could not Fast Refresh ("GRADE_LABELS" export is incompatible). Learn more at https://github.com/vitejs/vite-plugin-react/tree/main/packages/plugin-react#consistent-components-exports
[2m8:27:51 pm[22m [36m[1m[vite][22m[39m [32mhmr update [39m[2m/src/features/session/WelcomeBoardPage.tsx, /src/index.css, /src/features/session/WorkspacePage.tsx[22m
[2m8:28:35 pm[22m [36m[1m[vite][22m[39m [32mhmr update [39m[2m/src/features/session/WorkspacePage.tsx, /src/index.css[22m
[2m8:29:08 pm[22m [36m[1m[vite][22m[39m [32mhmr update [39m[2m/src/features/session/WorkspacePage.tsx, /src/index.css[22m
[2m8:29:25 pm[22m [36m[1m[vite][22m[39m [32mhmr update [39m[2m/src/features/session/WelcomeBoardPage.tsx, /src/index.css, /src/features/settings/SettingsPage.tsx, /src/features/session/WorkspacePage.tsx[22m
[2m8:29:40 pm[22m [36m[1m[vite][22m[39m [32mhmr update [39m[2m/src/features/session/WorkspacePage.tsx, /src/index.css[22m
[2m8:30:16 pm[22m [36m[1m[vite][22m[39m [32mhmr update [39m[2m/src/features/session/WorkspacePage.tsx, /src/index.css, /src/features/whiteboard/WhiteboardPanel.tsx[22m
[2m8:32:09 pm[22m [36m[1m[vite][22m[39m [32mhmr update [39m[2m/src/features/session/WorkspacePage.tsx, /src/index.css, /src/features/whiteboard/WhiteboardPanel.tsx[22m
[2m8:32:24 pm[22m [36m[1m[vite][22m[39m [32mhmr update [39m[2m/src/features/session/WorkspacePage.tsx, /src/index.css, /src/features/whiteboard/WhiteboardPanel.tsx[22m
[2m8:32:37 pm[22m [36m[1m[vite][22m[39m [32mhmr update [39m[2m/src/features/session/WorkspacePage.tsx, /src/index.css[22m
[2m8:33:01 pm[22m [36m[1m[vite][22m[39m [32mhmr update [39m[2m/src/features/session/WorkspacePage.tsx, /src/index.css, /src/features/whiteboard/WhiteboardPanel.tsx[22m
[2m8:33:44 pm[22m [36m[1m[vite][22m[39m [32mhmr update [39m[2m/src/features/session/WorkspacePage.tsx, /src/index.css[22m
[2m8:34:13 pm[22m [36m[1m[vite][22m[39m [32mhmr update [39m[2m/src/features/session/TranscriptDrawer.tsx, /src/index.css[22m
[2m8:34:35 pm[22m [36m[1m[vite][22m[39m [32mhmr update [39m[2m/src/features/settings/SettingsPage.tsx, /src/index.css[22m
[2m8:34:59 pm[22m [36m[1m[vite][22m[39m [32mhmr update [39m[2m/src/features/settings/SettingsPage.tsx, /src/index.css[22m
[2m8:35:22 pm[22m [36m[1m[vite][22m[39m [32mhmr update [39m[2m/src/features/settings/SettingsPage.tsx, /src/index.css[22m
[2m8:59:48 pm[22m [36m[1m[vite][22m[39m [32mhmr update [39m[2m/src/features/session/WorkspacePage.tsx, /src/index.css[22m
[2m9:01:01 pm[22m [36m[1m[vite][22m[39m [32mhmr update [39m[2m/src/features/whiteboard/WhiteboardPanel.tsx, /src/index.css[22m
[2m9:02:11 pm[22m [36m[1m[vite][22m[39m [32mhmr update [39m[2m/src/features/whiteboard/WhiteboardPanel.tsx, /src/index.css[22m
[2m9:03:28 pm[22m [36m[1m[vite][22m[39m [32mhmr update [39m[2m/src/features/session/WorkspacePage.tsx, /src/index.css[22m
[2m9:04:09 pm[22m [36m[1m[vite][22m[39m [32mhmr update [39m[2m/src/features/session/WorkspacePage.tsx, /src/index.css[22m
[2m9:04:47 pm[22m [36m[1m[vite][22m[39m [32mhmr update [39m[2m/src/features/session/WorkspacePage.tsx, /src/index.css[22m
[2m9:28:13 pm[22m [36m[1m[vite][22m[39m [32mhmr update [39m[2m/src/features/session/WorkspacePage.tsx, /src/index.css[22m
[2m9:32:12 pm[22m [36m[1m[vite][22m[39m [32mhmr update [39m[2m/src/features/session/WorkspacePage.tsx, /src/index.css[22m
[2m9:32:44 pm[22m [36m[1m[vite][22m[39m [32mhmr update [39m[2m/src/features/session/WorkspacePage.tsx, /src/index.css[22m
[2m9:32:51 pm[22m [36m[1m[vite][22m[39m [32mhmr update [39m[2m/src/features/session/WorkspacePage.tsx, /src/index.css[22m
[2m9:46:00 pm[22m [36m[1m[vite][22m[39m [32mhmr update [39m[2m/src/features/settings/SettingsPage.tsx, /src/index.css, /src/features/history/HistoryPage.tsx, /src/features/session/WorkspacePage.tsx, /src/features/session/LessonControls.tsx, /src/features/whiteboard/WhiteboardPanel.tsx[22m
[2m9:46:00 pm[22m [36m[1m[vite][22m[39m [32mhmr update [39m[2m/src/features/settings/SettingsPage.tsx, /src/index.css, /src/features/history/HistoryPage.tsx, /src/features/session/WorkspacePage.tsx, /src/features/session/LessonControls.tsx, /src/features/whiteboard/WhiteboardPanel.tsx[22m
[2m9:46:00 pm[22m [36m[1m[vite][22m[39m [32mhmr update [39m[2m/src/features/settings/SettingsPage.tsx, /src/index.css, /src/features/history/HistoryPage.tsx, /src/features/session/WorkspacePage.tsx, /src/features/session/LessonControls.tsx, /src/features/whiteboard/WhiteboardPanel.tsx[22m
[2m9:46:00 pm[22m [36m[1m[vite][22m[39m [32mhmr update [39m[2m/src/features/settings/SettingsPage.tsx, /src/index.css, /src/features/history/HistoryPage.tsx, /src/features/session/WorkspacePage.tsx, /src/features/session/LessonControls.tsx, /src/features/whiteboard/WhiteboardPanel.tsx[22m
[2m9:48:25 pm[22m [36m[1m[vite][22m[39m [32mhmr update [39m[2m/src/features/session/WelcomeBoardPage.tsx, /src/index.css, /src/features/settings/SettingsPage.tsx, /src/features/history/HistoryPage.tsx, /src/features/parent/ParentPage.tsx, /src/features/session/WorkspacePage.tsx, /src/components/ProfileSwitcher.tsx, /src/features/session/ProblemSetupOverlay.tsx, /src/features/whiteboard/WhiteboardPanel.tsx, /src/features/session/ProviderStatusPill.tsx, /src/features/session/TranscriptDrawer.tsx, /src/features/session/FlashcardsModal.tsx, /src/features/session/HandwritingModal.tsx[22m
[2m9:48:32 pm[22m [36m[1m[vite][22m[39m [32mhmr update [39m[2m/src/features/session/WelcomeBoardPage.tsx, /src/index.css, /src/features/settings/SettingsPage.tsx, /src/features/history/HistoryPage.tsx, /src/features/parent/ParentPage.tsx, /src/features/session/WorkspacePage.tsx, /src/components/ProfileSwitcher.tsx, /src/features/session/ProblemSetupOverlay.tsx, /src/features/whiteboard/WhiteboardPanel.tsx, /src/features/session/ProviderStatusPill.tsx, /src/features/session/TranscriptDrawer.tsx, /src/features/session/FlashcardsModal.tsx, /src/features/session/HandwritingModal.tsx[22m
[2m9:48:47 pm[22m [36m[1m[vite][22m[39m [32mhmr update [39m[2m/src/features/session/WorkspacePage.tsx, /src/index.css[22m
[2m9:49:08 pm[22m [36m[1m[vite][22m[39m [32mhmr update [39m[2m/src/features/session/WorkspacePage.tsx, /src/index.css[22m
[2m9:49:35 pm[22m [36m[1m[vite][22m[39m [32mhmr update [39m[2m/src/features/session/WorkspacePage.tsx, /src/index.css[22m
[2m9:49:56 pm[22m [36m[1m[vite][22m[39m [32mhmr update [39m[2m/src/features/session/WorkspacePage.tsx, /src/index.css[22m
[2m9:50:14 pm[22m [36m[1m[vite][22m[39m [32mhmr update [39m[2m/src/features/session/WorkspacePage.tsx, /src/index.css[22m
[2m9:51:03 pm[22m [36m[1m[vite][22m[39m [32mhmr update [39m[2m/src/features/parent/ParentPage.tsx, /src/index.css[22m
[2m10:00:40 pm[22m [36m[1m[vite][22m[39m [32mhmr update [39m[2m/src/features/parent/ParentPage.tsx, /src/index.css[22m
[2m10:01:23 pm[22m [36m[1m[vite][22m[39m [32mhmr update [39m[2m/src/features/parent/ParentPage.tsx, /src/index.css[22m
[2m10:01:54 pm[22m [36m[1m[vite][22m[39m [32mhmr update [39m[2m/src/features/parent/ParentPage.tsx, /src/index.css[22m
[2m10:32:09 pm[22m [36m[1m[vite][22m[39m [32mhmr update [39m[2m/src/features/settings/SettingsPage.tsx, /src/index.css, /src/features/history/HistoryPage.tsx, /src/features/session/WorkspacePage.tsx, /src/features/session/LessonControls.tsx, /src/features/whiteboard/WhiteboardPanel.tsx[22m
[2m10:32:09 pm[22m [36m[1m[vite][22m[39m [32mhmr update [39m[2m/src/features/settings/SettingsPage.tsx, /src/index.css, /src/features/history/HistoryPage.tsx, /src/features/session/WorkspacePage.tsx, /src/features/session/LessonControls.tsx, /src/features/whiteboard/WhiteboardPanel.tsx[22m
[2m10:32:09 pm[22m [36m[1m[vite][22m[39m [32mhmr update [39m[2m/src/features/settings/SettingsPage.tsx, /src/index.css, /src/features/history/HistoryPage.tsx, /src/features/session/WorkspacePage.tsx, /src/features/session/LessonControls.tsx, /src/features/whiteboard/WhiteboardPanel.tsx[22m
[2m10:32:09 pm[22m [36m[1m[vite][22m[39m [32mhmr update [39m[2m/src/features/settings/SettingsPage.tsx, /src/index.css, /src/features/history/HistoryPage.tsx, /src/features/session/WorkspacePage.tsx, /src/features/session/LessonControls.tsx, /src/features/whiteboard/WhiteboardPanel.tsx[22m
[2m10:34:00 pm[22m [36m[1m[vite][22m[39m [32mhmr update [39m[2m/src/features/session/WorkspacePage.tsx, /src/index.css[22m
[2m10:36:43 pm[22m [36m[1m[vite][22m[39m [32mhmr update [39m[2m/src/features/session/WorkspacePage.tsx, /src/index.css[22m
[2m10:39:44 pm[22m [36m[1m[vite][22m[39m [32mhmr update [39m[2m/src/features/session/WorkspacePage.tsx, /src/index.css, /src/features/session/TranscriptDrawer.tsx[22m
[2m11:09:30 pm[22m [36m[1m[vite][22m[39m [32mhmr update [39m[2m/src/features/history/HistoryPage.tsx, /src/index.css[22m
[2m11:26:31 pm[22m [36m[1m[vite][22m[39m [32mhmr update [39m[2m/src/features/settings/SettingsPage.tsx, /src/index.css, /src/features/history/HistoryPage.tsx, /src/features/session/WorkspacePage.tsx, /src/features/session/LessonControls.tsx, /src/features/whiteboard/WhiteboardPanel.tsx[22m
[2m11:26:31 pm[22m [36m[1m[vite][22m[39m [32mhmr update [39m[2m/src/features/settings/SettingsPage.tsx, /src/index.css, /src/features/history/HistoryPage.tsx, /src/features/session/WorkspacePage.tsx, /src/features/session/LessonControls.tsx, /src/features/whiteboard/WhiteboardPanel.tsx[22m
[2m11:26:31 pm[22m [36m[1m[vite][22m[39m [32mhmr update [39m[2m/src/features/settings/SettingsPage.tsx, /src/index.css, /src/features/history/HistoryPage.tsx, /src/features/session/WorkspacePage.tsx, /src/features/session/LessonControls.tsx, /src/features/whiteboard/WhiteboardPanel.tsx[22m
[2m11:26:31 pm[22m [36m[1m[vite][22m[39m [32mhmr update [39m[2m/src/features/settings/SettingsPage.tsx, /src/index.css, /src/features/history/HistoryPage.tsx, /src/features/session/WorkspacePage.tsx, /src/features/session/LessonControls.tsx, /src/features/whiteboard/WhiteboardPanel.tsx[22m
[2m11:43:16 pm[22m [36m[1m[vite][22m[39m [32mhmr update [39m[2m/src/features/session/WelcomeBoardPage.tsx, /src/index.css, /src/features/settings/SettingsPage.tsx, /src/features/history/HistoryPage.tsx, /src/features/parent/ParentPage.tsx, /src/features/session/WorkspacePage.tsx, /src/components/ProfileSwitcher.tsx, /src/features/session/ProblemSetupOverlay.tsx, /src/features/whiteboard/WhiteboardPanel.tsx, /src/features/session/ProviderStatusPill.tsx, /src/features/session/TranscriptDrawer.tsx, /src/features/session/FlashcardsModal.tsx, /src/features/session/HandwritingModal.tsx[22m
[2m11:44:41 pm[22m [36m[1m[vite][22m[39m [32mhmr update [39m[2m/src/features/session/WorkspacePage.tsx, /src/index.css[22m
[2m11:45:34 pm[22m [36m[1m[vite][22m[39m [32mhmr update [39m[2m/src/features/session/WorkspacePage.tsx, /src/index.css[22m
[2m11:46:31 pm[22m [36m[1m[vite][22m[39m [32mhmr update [39m[2m/src/features/session/WorkspacePage.tsx, /src/index.css[22m
[2m11:47:13 pm[22m [36m[1m[vite][22m[39m [32mhmr update [39m[2m/src/features/session/WorkspacePage.tsx, /src/index.css[22m
[2m11:48:03 pm[22m [36m[1m[vite][22m[39m [32mhmr update [39m[2m/src/features/session/WorkspacePage.tsx, /src/index.css[22m
[2m11:48:42 pm[22m [36m[1m[vite][22m[39m [32mhmr update [39m[2m/src/features/session/WorkspacePage.tsx, /src/index.css[22m
[2m11:49:54 pm[22m [36m[1m[vite][22m[39m [32mhmr update [39m[2m/src/features/settings/SettingsPage.tsx, /src/index.css[22m
[2m11:51:06 pm[22m [36m[1m[vite][22m[39m [32mhmr update [39m[2m/src/features/settings/SettingsPage.tsx, /src/index.css[22m
[2m11:52:48 pm[22m [36m[1m[vite][22m[39m [32mhmr update [39m[2m/src/features/settings/SettingsPage.tsx, /src/index.css[22m
[2m11:54:15 pm[22m [36m[1m[vite][22m[39m [32mhmr update [39m[2m/src/features/settings/SettingsPage.tsx, /src/index.css[22m
[2m12:27:30 am[22m [36m[1m[vite][22m[39m [32mhmr update [39m[2m/src/features/settings/SettingsPage.tsx, /src/index.css, /src/features/history/HistoryPage.tsx, /src/features/session/WorkspacePage.tsx, /src/features/session/LessonControls.tsx, /src/features/whiteboard/WhiteboardPanel.tsx[22m
[2m12:27:30 am[22m [36m[1m[vite][22m[39m [32mhmr update [39m[2m/src/features/settings/SettingsPage.tsx, /src/index.css, /src/features/history/HistoryPage.tsx, /src/features/session/WorkspacePage.tsx, /src/features/session/LessonControls.tsx, /src/features/whiteboard/WhiteboardPanel.tsx[22m
